
Discarded input sections

 .reginfo       0x0000000000000000       0x18 Mips/_syscall.mips_o
 .reginfo       0x0000000000000000       0x18 lib.mips_o
 .reginfo       0x0000000000000000       0x18 halt.mips_o

Memory Configuration

Name             Origin             Length             Attributes
*default*        0x0000000000000000 0xffffffffffffffff

Linker script and memory map

                0x0000000000001000                . = 0x1000

ro_segment      0x0000000000001000      0x488
 *(.text .rodata .rodata.*)
 .text          0x0000000000001000       0x24 Mips/crt.mips_o
                0x0000000000001000                _start
                0x0000000000001018                __main
 .text          0x0000000000001024        0xc Mips/_syscall.mips_o
                0x0000000000001024                _syscall
 .text          0x0000000000001030      0x424 lib.mips_o
                0x0000000000001030                syscall_halt
                0x0000000000001070                syscall_exec
                0x00000000000010b8                syscall_execp
                0x000000000000110c                syscall_exit
                0x0000000000001154                syscall_join
                0x000000000000119c                syscall_fork
                0x00000000000011ec                syscall_memlimit
                0x0000000000001234                syscall_open
                0x000000000000127c                syscall_close
                0x00000000000012c4                syscall_read
                0x0000000000001318                syscall_seek
                0x0000000000001368                syscall_write
                0x00000000000013bc                syscall_create
                0x000000000000140c                syscall_delete
 .text          0x0000000000001454       0x34 halt.mips_o
                0x0000000000001454                main

rw_segment      0x0000000000002000        0x0
 *(.data .bss COMMON)
 .data          0x0000000000002000        0x0 Mips/crt.mips_o
 .bss           0x0000000000002000        0x0 Mips/crt.mips_o
 .data          0x0000000000002000        0x0 Mips/_syscall.mips_o
 .bss           0x0000000000002000        0x0 Mips/_syscall.mips_o
 .data          0x0000000000002000        0x0 lib.mips_o
 .bss           0x0000000000002000        0x0 lib.mips_o
 .data          0x0000000000002000        0x0 halt.mips_o
 .bss           0x0000000000002000        0x0 halt.mips_o
                0x0000000000002000                BINARY_ENDS_HERE = .
LOAD Mips/crt.mips_o
LOAD Mips/_syscall.mips_o
LOAD lib.mips_o
LOAD halt.mips_o
OUTPUT(halt elf32-bigmips)

.reginfo        0x0000000000000000       0x18
 .reginfo       0x0000000000000000       0x18 Mips/crt.mips_o

.pdr            0x0000000000000000      0x240
 .pdr           0x0000000000000000       0x40 Mips/crt.mips_o
 .pdr           0x0000000000000040       0x20 Mips/_syscall.mips_o
 .pdr           0x0000000000000060      0x1c0 lib.mips_o
 .pdr           0x0000000000000220       0x20 halt.mips_o

.mdebug.abi32   0x0000000000000000        0x0
 .mdebug.abi32  0x0000000000000000        0x0 lib.mips_o
 .mdebug.abi32  0x0000000000000000        0x0 halt.mips_o

.comment        0x0000000000000000       0x11
 .comment       0x0000000000000000       0x11 lib.mips_o
                                         0x12 (size before relaxing)
 .comment       0x0000000000000000       0x12 halt.mips_o

.gnu.attributes
                0x0000000000000000       0x10
 .gnu.attributes
                0x0000000000000000       0x10 lib.mips_o
 .gnu.attributes
                0x0000000000000010       0x10 halt.mips_o

Cross Reference Table

Symbol                                            File
__main                                            Mips/crt.mips_o
_start                                            Mips/crt.mips_o
_syscall                                          Mips/_syscall.mips_o
                                                  lib.mips_o
main                                              halt.mips_o
                                                  Mips/crt.mips_o
syscall_close                                     lib.mips_o
syscall_create                                    lib.mips_o
syscall_delete                                    lib.mips_o
syscall_exec                                      lib.mips_o
syscall_execp                                     lib.mips_o
syscall_exit                                      lib.mips_o
syscall_fork                                      lib.mips_o
syscall_halt                                      lib.mips_o
                                                  halt.mips_o
syscall_join                                      lib.mips_o
syscall_memlimit                                  lib.mips_o
syscall_open                                      lib.mips_o
syscall_read                                      lib.mips_o
syscall_seek                                      lib.mips_o
syscall_write                                     lib.mips_o
